// Jest Snapshot v1, https://goo.gl/fbAQLP

exports[`Form component should render Form component 1`] = `ShallowWrapper {}`;

exports[`Input component should render Input component 1`] = `ShallowWrapper {}`;
