// Jest Snapshot v1, https://goo.gl/fbAQLP

exports[`About component should render About component 1`] = `ShallowWrapper {}`;
