// Jest Snapshot v1, https://goo.gl/fbAQLP

exports[`Error component should render Error component 1`] = `ShallowWrapper {}`;
