// Jest Snapshot v1, https://goo.gl/fbAQLP

exports[`SearchPanel component should render SearchPanel component 1`] = `ShallowWrapper {}`;
