// Jest Snapshot v1, https://goo.gl/fbAQLP

exports[`PageSize component should render PageSize component 1`] = `ShallowWrapper {}`;
