// Jest Snapshot v1, https://goo.gl/fbAQLP

exports[`PageNumber component should render PageNumber component 1`] = `ShallowWrapper {}`;
